{
  "valuation_date": "2026-09-08",
  "units": "USD millions except per-share USD; shares millions",
  "scenarios": {
    "downside": {
      "ev": 397875.6827456099,
      "equity": 355773.6827456099,
      "per_share": 398.0907270287679,
      "pv_stub": 3192.0877916778627,
      "pv_explicit": 106513.019110075,
      "pv_terminal": 288170.575843857,
      "terminal_share": 0.7242729031723834,
      "terminal_fcff": 38249.976569511884,
      "bridge": {
        "cash": 8950.0,
        "investments": 3856.0,
        "debt": 54908.0,
        "shares": 893.7
      },
      "market_price": 1123.91
    },
    "base": {
      "ev": 716126.0508958282,
      "equity": 674024.0508958282,
      "per_share": 754.1949769450913,
      "pv_stub": 5059.430164688198,
      "pv_explicit": 149936.30053427842,
      "pv_terminal": 561130.3201968615,
      "terminal_share": 0.7835636191350994,
      "terminal_fcff": 57649.95257630001,
      "bridge": {
        "cash": 8950.0,
        "investments": 3856.0,
        "debt": 54908.0,
        "shares": 893.7
      },
      "market_price": 1123.91
    },
    "upside": {
      "ev": 1139936.8060731252,
      "equity": 1097834.8060731252,
      "per_share": 1228.4153587032843,
      "pv_stub": 5283.793977461696,
      "pv_explicit": 178436.94229582656,
      "pv_terminal": 956216.069799837,
      "terminal_share": 0.8388325253693907,
      "terminal_fcff": 71958.81785715198,
      "bridge": {
        "cash": 8950.0,
        "investments": 3856.0,
        "debt": 54908.0,
        "shares": 893.7
      },
      "market_price": 1123.91
    }
  },
  "reverse_dcf": {
    "growth_shift": 0.09618711562066964,
    "per_share": 1123.9099999999999,
    "revenue_2031": 260868.83390531072,
    "status": "solved"
  },
  "source_status": "Primary annual financials, Q2 LLY shares/bridge and September 8 market closes checked; personal assumption/receipt review pending",
  "recommendation": "watch/defer; do not initiate before source and evidence gaps are closed"
}
Base value/share: 754.1949769450913
